Mobax commands:
	cd  /cygdrive/d/sanjiv-study/aws/pem-files
	cls
	ls -ltr
	sudo su -> to move to root user

	clear - for ubuntu
====
2020-07-18
==========
On Ubuntu use apt-get to install
All other flevors use yum

On linux Server
	Apache/httpd server configuration on linux
	Step 1) Launch linux Amazon instance
	Step 2) Connect to linux machine from putty/mobaxterm or from linux o/s
	Step 3) switch to root user
	# sudo su
	# yum update -y(to update softwares, optional)
	# whoami
	# yum  install httpd -y   { installing apache pkg => httpd}
	# service httpd start
	# service httpd status
	# service httpd restart
	# chkconfig httpd on   { to turn service permanently on}
	# cd /var/www/html
	# vi index.html
	<html>
	<body  bgcolor=black>
	<marquee>
	<font color=gold> <h1>  Welcome to AWS at ZOOM </h1> </font>
	</marquee
	</body>
	<html>	
	STep 4) Provide public ip of instance and check the site
	Enable port 80
	Select linux instance go to end select security group
	inbound rule => Edit -> Add Rule select http/80
	Default site comes
On linux Server(using advanced detail option)
	#!/bin/bash
	yum update -y
	yum install httpd -y
	service httpd start
	chkconfig httpd on
	echo "<html><body bgcolor=black><font color=gold><marquee><h1> Welcome Sanjiv to AWS at CGI ...This is Web Server A for ELB </h1></marquee></font></body> <html>" > /var/www/html/index.html
On Ubuntu Server
	# sudo su
	# apt-get update -y
	# apt-get install apache2 apache2-utils -y  { installing apache pkg => httpd}
	# service apache2 start
	# service apache2 status
	# service apache2 restart(not sure)
	# cd /var/www/html
	# ls -ltr
		Here already default index.html will be there
	# rm -rf index.html (to remove)
	# vi index.html
Configuration of WEb server in windows
	Windows ==>
	step 1)
	Run =>  servermanager.msc
	Or
	Start -> Admin tools -> server Manager

	->Roles -> Add Roles -> next -> Web server (IIS)
	Step 2)
	To open IIS application
	Start -> Admin Tools -> IIS
	or
	Run -> inetmgr

	Step 3)
	Design web page and test
	In Win instance
	open -> C: -> inetpub -> wwwroot -> create index.html file
	
2020-07-25:
==========
Linux Partitioning:
===================
Step 1) Create the partition & update the kernal
	To see the list of harddisk and partition
	#fdisk -l
	
	#fdisk <disk_name> [Ex: fdisk /dev/xvdf]
	Command (m for help): m
	Command action
	   a   toggle a bootable flag
	   b   edit bsd disklabel
	   c   toggle the dos compatibility flag
	   d   delete a partition
	   g   create a new empty GPT partition table
	   G   create an IRIX (SGI) partition table
	   l   list known partition types
	   m   print this menu
	   n   add a new partition
	   o   create a new empty DOS partition table
	   p   print the partition table
	   q   quit without saving changes
	   s   create a new empty Sun disklabel
	   t   change a partition's system id
	   u   change display/entry units
	   v   verify the partition table
	   w   write table to disk and exit
	   x   extra functionality (experts only)
	Command (m for help): n
	Partition type:
	   p   primary (0 primary, 0 extended, 4 free)
	   e   extended
	Select (default p): p
	Partition number (1-4, default 1): 1
	First sector (2048-4194303, default 2048):
	Using default value 2048
	Last sector, +sectors or +size{K,M,G} (2048-4194303, default 4194303): +500M
	Partition 1 of type Linux and of size 500 MiB is set

	Command (m for help): p

	Disk /dev/xvdf: 2147 MB, 2147483648 bytes, 4194304 sectors
	Units = sectors of 1 * 512 = 512 bytes
	Sector size (logical/physical): 512 bytes / 512 bytes
	I/O size (minimum/optimal): 512 bytes / 512 bytes
	Disk label type: dos
	Disk identifier: 0x3d4b9902

		Device Boot      Start         End      Blocks   Id  System
	/dev/xvdf1            2048     1026047      512000   83  Linux
	Command (m for help): n
	Partition type:
	   p   primary (1 primary, 0 extended, 3 free)
	   e   extended
	Select (default p):
	Using default response p
	Partition number (2-4, default 2):
	First sector (1026048-4194303, default 1026048):
	Using default value 1026048
	Last sector, +sectors or +size{K,M,G} (1026048-4194303, default 4194303): +1G
	Partition 2 of type Linux and of size 1 GiB is set

	Command (m for help): p

	Disk /dev/xvdf: 2147 MB, 2147483648 bytes, 4194304 sectors
	Units = sectors of 1 * 512 = 512 bytes
	Sector size (logical/physical): 512 bytes / 512 bytes
	I/O size (minimum/optimal): 512 bytes / 512 bytes
	Disk label type: dos
	Disk identifier: 0xf83ea81d

		Device Boot      Start         End      Blocks   Id  System
	/dev/xvdf1            2048     1026047      512000   83  Linux
	/dev/xvdf2         1026048     3123199     1048576   83  Linux
	Command (m for help): w
	The partition table has been altered!

	Calling ioctl() to re-read partition table.
	Syncing disks.
	[root@ip-172-31-31-151 ec2-user]# fdisk -l
	WARNING: fdisk GPT support is currently new, and therefore in an experimental phase. Use at your own discretion.

	Disk /dev/xvda: 8589 MB, 8589934592 bytes, 16777216 sectors
	Units = sectors of 1 * 512 = 512 bytes
	Sector size (logical/physical): 512 bytes / 512 bytes
	I/O size (minimum/optimal): 512 bytes / 512 bytes
	Disk label type: gpt
	Disk identifier: 3FF12709-5323-41ED-ACE2-D0B6074D913C


	#         Start          End    Size  Type            Name
	 1         4096     16777182      8G  Linux filesyste Linux
	128         2048         4095      1M  BIOS boot       BIOS Boot Partition

	Disk /dev/xvdf: 2147 MB, 2147483648 bytes, 4194304 sectors
	Units = sectors of 1 * 512 = 512 bytes
	Sector size (logical/physical): 512 bytes / 512 bytes
	I/O size (minimum/optimal): 512 bytes / 512 bytes
	Disk label type: dos
	Disk identifier: 0xf83ea81d

		Device Boot      Start         End      Blocks   Id  System
	/dev/xvdf1            2048     1026047      512000   83  Linux
	/dev/xvdf2         1026048     3123199     1048576   83  Linux
	[root@ip-172-31-31-151 ec2-user]#
	
	Update kernel
	-------------
	# partprobe /dev/xvdf
	
	[root@ip-172-31-31-151 ec2-user]# partprobe /dev/xvdf
	[root@ip-172-31-31-151 ec2-user]#
	
Step 2)Format the partition
	To format or make filesystem of linux partitions
	{ext2, ext3, ext4, vfat, xfs, resirfs...}
	
	# mkfs.vfat /dev/sda9
	# mkfs.ext4 /dev/xvdf1
	
	[root@ip-172-31-31-151 ec2-user]# mkfs.ext4 /dev/xvdf1
	mke2fs 1.43.5 (04-Aug-2017)
	Creating filesystem with 512000 1k blocks and 128016 inodes
	Filesystem UUID: be23bddd-5953-41b5-8673-246394af52e0
	Superblock backups stored on blocks:
			8193, 24577, 40961, 57345, 73729, 204801, 221185, 401409

	Allocating group tables: done
	Writing inode tables: done
	Creating journal (8192 blocks): done
	Writing superblocks and filesystem accounting information: done
	
Step 3) Mount the partition(directly we cannot use the file system, that has to be mount to one directory/folder)
	# mkdir /opt/oracle
	# mount /dev/xvdf1 /opt/oracle
	
	[root@ip-172-31-31-151 ec2-user]# mount
	proc on /proc type proc (rw,relatime)
	sysfs on /sys type sysfs (rw,relatime)
	devtmpfs on /dev type devtmpfs (rw,relatime,size=493880k,nr_inodes=123470,mode=755)
	devpts on /dev/pts type devpts (rw,relatime,gid=5,mode=620,ptmxmode=000)
	tmpfs on /dev/shm type tmpfs (rw,relatime)
	/dev/xvda1 on / type ext4 (rw,noatime,data=ordered)
	devpts on /dev/pts type devpts (rw,relatime,gid=5,mode=620,ptmxmode=000)
	none on /proc/sys/fs/binfmt_misc type binfmt_misc (rw,relatime)
	[root@ip-172-31-31-151 ec2-user]# mkdir /opt/oracle
	[root@ip-172-31-31-151 ec2-user]# mount /dev/xvdf1 /opt/oracle
	[root@ip-172-31-31-151 ec2-user]# mount
	proc on /proc type proc (rw,relatime)
	sysfs on /sys type sysfs (rw,relatime)
	devtmpfs on /dev type devtmpfs (rw,relatime,size=493880k,nr_inodes=123470,mode=755)
	devpts on /dev/pts type devpts (rw,relatime,gid=5,mode=620,ptmxmode=000)
	tmpfs on /dev/shm type tmpfs (rw,relatime)
	/dev/xvda1 on / type ext4 (rw,noatime,data=ordered)
	devpts on /dev/pts type devpts (rw,relatime,gid=5,mode=620,ptmxmode=000)
	none on /proc/sys/fs/binfmt_misc type binfmt_misc (rw,relatime)
	/dev/xvdf1 on /opt/oracle type ext4 (rw,relatime,data=ordered)
	[root@ip-172-31-31-151 ec2-user]# cd --
	[root@ip-172-31-31-151 ~]# ls -ltr
	total 0
	[root@ip-172-31-31-151 ~]# cd -
	/home/ec2-user
	[root@ip-172-31-31-151 ec2-user]# df -h
	Filesystem      Size  Used Avail Use% Mounted on
	devtmpfs        483M   72K  483M   1% /dev
	tmpfs           493M     0  493M   0% /dev/shm
	/dev/xvda1      7.9G  1.2G  6.6G  15% /
	/dev/xvdf1      477M  2.3M  445M   1% /opt/oracle
	[root@ip-172-31-31-151 ec2-user]# umount /opt/oracle
	[root@ip-172-31-31-151 ec2-user]# df -h
	Filesystem      Size  Used Avail Use% Mounted on
	devtmpfs        483M   72K  483M   1% /dev
	tmpfs           493M     0  493M   0% /dev/shm
	/dev/xvda1      7.9G  1.2G  6.6G  15% /
	[root@ip-172-31-31-151 ec2-user]#

2020-08-01:
Programmatic Access(Windows):
	C:\Users\maninee.patel>aws --version
	aws-cli/2.0.36 Python/3.7.7 Windows/10 exe/AMD64

	C:\Users\maninee.patel>aws configure
	AWS Access Key ID [None]: AKIAWEYL7EQBTGDPMGU5
	AWS Secret Access Key [None]: 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
	Default region name [None]: us-west-2
	Default output format [None]: json
	
	To describe the current instances:
		C:\Users\maninee.patel>aws ec2 describe-instances
		C:\Users\maninee.patel>aws ec2 describe-instances --instance-ids i-05d5bdcc8ada12a97
		C:\Users\maninee.patel>aws ec2 describe-instances --instance-ids i-05d5bdcc8ada12a97 --output text
		C:\Users\maninee.patel>aws ec2 describe-instances --instance-ids i-05d5bdcc8ada12a97 --output table
	
	Create a new instance from cli:
		image id: ami-067f5c3d5a99edc80
		type: t2.micro
		
		C:\Users\maninee.patel>aws ec2 run-instances --image-id ami-067f5c3d5a99edc80 --instance-type t2.micro
		Stop the instance:
		C:\Users\maninee.patel>aws ec2 stop-instances --instance-ids i-0f1576cdeb1b3c8ac
	
	Create group. Root user has to give IAM full access permisstion, then we have to do the below command.
		C:\Users\maninee.patel>aws iam create-group --group-name chennai_group
		Attach policy to the group:
		C:\Users\maninee.patel>aws iam attach-group-policy --policy-arn arn:aws:iam::aws:policy/AmazonEC2ReadOnlyAccess --group-name chennai_group

Programmatic Access(from Linux instance):
	[root@ip-172-31-13-21 ec2-user]# aws --version
		aws-cli/1.18.13 Python/2.7.18 Linux/4.14.186-110.268.amzn1.x86_64 botocore/1.15.13
	[root@ip-172-31-13-21 ec2-user]# cd /
	[root@ip-172-31-13-21 /]# aws configure
		AWS Access Key ID [None]: AKIAWEYL7EQBTGDPMGU5
		AWS Secret Access Key [None]: 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
		Default region name [None]: us-west-2
		Default output format [None]:
	[root@ip-172-31-13-21 /]# cd /root/.aws
	[root@ip-172-31-13-21 .aws]# ls -ltr
		total 8
		-rw------- 1 root root 116 Aug  1 13:30 credentials
		-rw------- 1 root root  29 Aug  1 13:30 config
	[root@ip-172-31-13-21 .aws]# more config
		[default]
		region = us-west-2
	[root@ip-172-31-13-21 .aws]# more credentials
		[default]
		aws_access_key_id = AKIAWEYL7EQBTGDPMGU5
		aws_secret_access_key = 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


	
	


	








	
	




yum update -y
yum install httpd -y
service httpd start
chkconfig httpd on
cd /var/www/html

vi index.html
<html>
<body bgcolor=black>
<font color=gold>
<marquee>
<h1> This is Web Server A from Chennai, Welcome to India </h1>
</marquee>
</font>
</body> 
<html>
----
